<?xml version="1.0" encoding="UTF-8"?><mappingRoot xmlns="http://www.ibm.com/2008/ccl/Mapping" domainID="com.ibm.msl.mapping.xml" domainIDExtension="mb" mainMap="true" targetNamespace="default" version="8.0.5.0" xmlns:map="default">
    <input path="/csv_IN.xsd"/>
    <output path="/csv_OUT.xsd"/>
    <generation engine="xquery"/>
    <mappingDeclaration name="Csv_Cobol_Mapping">
        <input path="mb:msg(csv_IN,assembly,DFDL,Properties)" var="MessageAssembly"/>
        <output path="mb:msg(csv_OUT,assembly,DFDL,Properties)" var="MessageAssembly1"/>
        <task type="todo"/>
        <move>
            <input path="$MessageAssembly/csv_IN/header/head_field1"/>
            <output path="$MessageAssembly1/csv_OUT/header/head_field1"/>
        </move>
        <move>
            <input path="$MessageAssembly/csv_IN/header/head_field3"/>
            <output path="$MessageAssembly1/csv_OUT/header/head_field2"/>
        </move>
        <move>
            <input path="$MessageAssembly/csv_IN/header/head_field6"/>
            <output path="$MessageAssembly1/csv_OUT/header/head_field3"/>
        </move>
        <move>
            <input path="$MessageAssembly/csv_IN/header/head_field8"/>
            <output path="$MessageAssembly1/csv_OUT/header/head_field4"/>
        </move>
        <move>
            <input path="$MessageAssembly/csv_IN/record/field1"/>
            <output path="$MessageAssembly1/csv_OUT/record/field1"/>
        </move>
        <move>
            <input path="$MessageAssembly/csv_IN/record/field3"/>
            <output path="$MessageAssembly1/csv_OUT/record/field2"/>
        </move>
        <move>
            <input path="$MessageAssembly/csv_IN/record/field6"/>
            <output path="$MessageAssembly1/csv_OUT/record/field3"/>
        </move>
        <move>
            <input path="$MessageAssembly/csv_IN/record/field8"/>
            <output path="$MessageAssembly1/csv_OUT/record/field4"/>
        </move>
    </mappingDeclaration>
</mappingRoot>